
Test INLINE/EXTENDS into a MACRO


1/3:
L1: $1:ONE $2: $3:THREE P1:ONE P2: P3:THREE
L2: $1:ONE $2: $3:THREE P1:ONE P2: P3:THREE L4: $1:ONE $2: $3:THREE P1:ONE P2: P3:THREE L5: $1:ONE $2: $3:THREE P1:ONE P2: P3:THREE L7: $1:ONE $2: $3:THREE P1:ONE P2: P3:THREE
L8: $1:ONE $2: $3:THREE P1:ONE P2: P3:THREE

LI: $1:ONE $2: $3:THREE $4:azerty P1: P2: P3:
L9: $1:ONE $2: $3:THREE $4: P1:ONE P2: P3:THREE


2:
L1: $1: $2:TWO $3: P1: P2:TWO P3:
L2: $1: $2:TWO $3: P1: P2:TWO P3: L4: $1: $2:TWO $3: P1: P2:TWO P3: L5: $1: $2:TWO $3: P1: P2:TWO P3: L7: $1: $2:TWO $3: P1: P2:TWO P3:
L8: $1: $2:TWO $3: P1: P2:TWO P3:

LI: $1: $2:TWO $3: $4:azerty P1: P2: P3:
L9: $1: $2:TWO $3: $4: P1: P2:TWO P3:

