N: 5
     1  2  3  4  5

     1
     2
     3
     4
     5

N: 1
     1

     1

