[INFO] testme9.tmplt
[C_INFO]  1 FALSE
[TEXT] 
[TEXT] Just some special tags:
[TEXT] 
[TEXT] @_LOWER:VAR1_@
[TEXT] @_UPPER:VAR1_@
[TEXT] @_NO_SPACE:CAPITALIZE:VAR1_@
[TEXT] @_CAPITALIZE:NO_SPACE:VAR1_@
[TEXT] @_NO_SPACE:UPPER:REVERSE:VAR1_@
[TEXT] 
[TEXT] @_CONTRACT:FILTER_@
[TEXT] @_NO_DIGIT:FILTER_@
[TEXT] @_CONTRACT:NO_DIGIT:FILTER_@
[TEXT] @_CONTRACT:NO_LETTER:FILTER_@
[TEXT] @_TRIM:CONTRACT:NO_LETTER:FILTER_@
[TEXT] @_WEB_ESCAPE:FILTER_@
[TEXT] @_WEB_NBSP:FILTER_@
[TEXT] @_WEB_NBSP:TRIM:CONTRACT:FILTER_@
[TEXT] @_MATCH(.*text.*):FILTER_@
[TEXT] @_MATCH(.*abc):FILTER_@
[TEXT] @_REPEAT(3):VAR1_@
[TEXT] @_SIZE:VAR1_@
[TEXT] @_SIZE:COND2_@
[TEXT] @_FORMAT_NUMBER:NUM0_@
[TEXT] @_FORMAT_NUMBER:NUM1_@
[TEXT] @_FORMAT_NUMBER:NUM2_@
[TEXT] @_FORMAT_NUMBER:NUM3_@
[TEXT] @_FORMAT_NUMBER:NUM4_@
[TEXT] @_FORMAT_NUMBER:NUM5_@
[TEXT] 
[IF] @_VAR5_@
  [TEXT]   NOK
[ELSE]
  [TEXT]   OK
[END_IF]
[TEXT] 
[IF] @_NO_SPACE:VAR5_@
  [TEXT]   OK
[ELSE]
  [TEXT]   NOK
[END_IF]
[TEXT] 
[IF] @_UPPER:NO_SPACE:VAR5_@
  [TEXT]   OK
[ELSE]
  [TEXT]   NOK
[END_IF]
