
1: display
a value
2: one / display
a value
3: one / empty
4: two / display
a value
5: two / empty
6: display
a value
7: one / empty
8: two / empty

Loop:
a table
with
many
values
to
be
displayed
one
by

