
raised TEMPLATES_PARSER.TEMPLATE_ERROR : TERMINATE_SECTIONS attribute given, but no section defined, in testme55.tmplt at line 4
