Some Text : To Check Aligment

Test 1

   Part1    :    process Part1.final;
   Part2    :    process Part2.final;

Test 2

   Part1 : process Part1.final;
   Part2 : process Part2.final;

Test 3

   Part2 : process Part2.final;
   Part1 : process Part1.final;
