Param is Param1
<div class="block1">
The block1 Param2
</div>
<div class="block2">
The block2 Param2
</div>
<div class="block3">
default for Param1 block3
</div>
Some text in including file
