[INFO] macro.tmplt
[C_INFO]  1 FALSE
[TEXT] --
[TEXT] /ME/
--
/ME/
