testcat template
testcat template
testcat template
