
one
two
three

three
two
one

A4.1
A4.2
A4.3
A3.1
A3.2
A3.3
A2.1
A2.2
A2.3
A1.1
A1.2
A1.3

A4.3
A4.2
A4.1
A3.3
A3.2
A3.1
A2.3
A2.2
A2.1
A1.3
A1.2
A1.1

A1.3
A1.2
A1.1
A2.3
A2.2
A2.1
A3.3
A3.2
A3.1
A4.3
A4.2
A4.1

