
Test START_WITH() routine.

TRUE  = TRUE
TRUE  = TRUE
TRUE  = TRUE
TRUE  = TRUE
FALSE = FALSE
FALSE = FALSE
FALSE = FALSE
FALSE = FALSE
FALSE = FALSE

Test END_WITH() routine.

TRUE  = TRUE
TRUE  = TRUE
TRUE  = TRUE
TRUE  = TRUE
FALSE = FALSE
FALSE = FALSE
FALSE = FALSE
FALSE = FALSE
FALSE = FALSE
