procedure Test is
begin
   A := A + 1;
   A := B + 5;
   A := A / 2;
end Test;

   procedure Test is
   begin
      A := A + 1;
      A := B + 5;
      A := A / 2;
   end Test;

procedure Test is
begin
   A := A + 1;
A := B + 5;
A := A / 2;
end Test;
