


testme61_1: foo foo


testme61_2: foo

testme61_2: foo

testme61_2: foo

