

include2.tmplt

1> 

2> two

3> 

4> 

5> 

ok

