
-- 1


   Error1: File ./toto/incl.tmplt does not exist!

-- 2


again a new include file

-- 3


again a new include file

