
This is a test template for Templates_Parser

A single value : a value

Should be 0 : 0
Should be 0 : 0

A table :

a table
with
many
values
to
be
displayed
one
by
one

  OK: test passed

  OK: test passed

     ligne: {1 of 10} [a table]
     ligne: Another section 2 [with]
     Well a another one [many]
     ligne: {4 of 10} [values]
     ligne: Another section 5 [to]
     Well a another one [be]
     ligne: {7 of 10} [displayed]
     ligne: Another section 8 [one]
     Well a another one [by]
     ligne: {10 of 10} [one]

  ligne: {1 of 10} [a table]
  ligne: Another section 2 [with]
  Well a another one [many]
  ligne: {4 of 10} [values]
  ligne: Another section 5 [to]
  Well a another one [be]
  ligne: {7 of 10} [displayed]
  ligne: Another section 8 [one]
  Well a another one [by]
  ligne: {10 of 10} [one]
  ligne: Another section 11 []
  Well a another one []

   A| 1 a table (1)
      B| 1 one (2)
      B| {2 of 3} another table
         C| 1 one (3)
         C| 2 two (3)
         C| 3 three (3)
      B| 3 three (2)
   A| 2 with (1)
      B| 1 one (2)
      B| {2 of 3} another table
         C| 1 one (3)
         C| 2 two (3)
         C| 3 three (3)
      B| 3 three (2)
   A| 3 many (1)
      B| 1 one (2)
      B| {2 of 3} another table
         C| 1 one (3)
         C| 2 two (3)
         C| 3 three (3)
      B| 3 three (2)
   A| 4 values (1)
      B| 1 one (2)
      B| {2 of 3} another table
         C| 1 one (3)
         C| 2 two (3)
         C| 3 three (3)
      B| 3 three (2)
   A| 5 to (1)
      B| 1 one (2)
      B| {2 of 3} another table
         C| 1 one (3)
         C| 2 two (3)
         C| 3 three (3)
      B| 3 three (2)
   A| 6 be (1)
      B| 1 one (2)
      B| {2 of 3} another table
         C| 1 one (3)
         C| 2 two (3)
         C| 3 three (3)
      B| 3 three (2)
   A| 7 displayed (1)
      B| 1 one (2)
      B| {2 of 3} another table
         C| 1 one (3)
         C| 2 two (3)
         C| 3 three (3)
      B| 3 three (2)
   A| 8 one (1)
      B| 1 one (2)
      B| {2 of 3} another table
         C| 1 one (3)
         C| 2 two (3)
         C| 3 three (3)
      B| 3 three (2)
   A| 9 by (1)
      B| 1 one (2)
      B| {2 of 3} another table
         C| 1 one (3)
         C| 2 two (3)
         C| 3 three (3)
      B| 3 three (2)
   A| 10 one (1)
      B| 1 one (2)
      B| {2 of 3} another table
         C| 1 one (3)
         C| 2 two (3)
         C| 3 three (3)
      B| 3 three (2)

Cond1: FALSE - NO - NON
Cond2: TRUE - YES - OUI

Should be 0 : 0
Should be 0 : 0
[INFO] testme.tmplt
[C_INFO]  1 FALSE
[TEXT]
[TEXT] This is a test template for Templates_Parser
[TEXT]
[TEXT] A single value : @_VAR1_@
[TEXT]
[TEXT] Should be 0 : @_NUMBER_LINE_@
[TEXT] Should be 0 : @_TABLE_LEVEL_@
[TEXT]
[TEXT] A table :
[TEXT]
[TABLE]
  [BLOCK]
    [COMMON]
      [TEXT] @_VAR2_@
  [END_BLOCK]
[END_TABLE]
[TEXT]
[IF] @_COND1_@
  [TEXT]   ERROR: test is not correct
[ELSE]
  [TEXT]   OK: test passed
[END_IF]
[TEXT]
[IF] @_COND2_@
  [TEXT]   OK: test passed
[ELSE]
  [TEXT]   ERROR: test is not correct
[END_IF]
[TEXT]
[IF] @_COND2_@
  [TABLE]
    [BLOCK]
      [SECTION]
        [TEXT]      ligne: {@_TABLE_LINE_@ of @_NUMBER_LINE_@} [@_VAR2_@]
      [SECTION]
        [TEXT]      ligne: Another section @_TABLE_LINE_@ [@_VAR2_@]
      [SECTION]
        [TEXT]      Well a another one [@_VAR2_@]
    [END_BLOCK]
  [END_TABLE]
[END_IF]
[TEXT]
[TABLE'TERMINATE_SECTIONS]
  [BLOCK]
    [SECTION]
      [TEXT]   ligne: {@_TABLE_LINE_@ of @_NUMBER_LINE_@} [@_VAR2_@]
    [SECTION]
      [TEXT]   ligne: Another section @_TABLE_LINE_@ [@_VAR2_@]
    [SECTION]
      [TEXT]   Well a another one [@_VAR2_@]
  [END_BLOCK]
[END_TABLE]
[TEXT]
[TABLE]
  [BLOCK]
    [COMMON]
      [TEXT]    A| @_TABLE_LINE_@ @_VAR2_@ (@_TABLE_LEVEL_@)
      [TABLE]
        [BLOCK]
          [SECTION]
            [TEXT]       B| @_TABLE_LINE_@ @_VAR3_@ (@_TABLE_LEVEL_@)
          [SECTION]
            [TEXT]       B| {@_TABLE_LINE_@ of @_NUMBER_LINE_@} another table
            [TABLE]
              [BLOCK]
                [COMMON]
                  [TEXT]          C| @_TABLE_LINE_@ @_VAR3_@ (@_TABLE_LEVEL_@)
              [END_BLOCK]
            [END_TABLE]
        [END_BLOCK]
      [END_TABLE]
  [END_BLOCK]
[END_TABLE]
[TEXT]
[TEXT] Cond1: @_COND1_@ - @_YES_NO:COND1_@ - @_OUI_NON:COND1_@
[TEXT] Cond2: @_COND2_@ - @_YES_NO:COND2_@ - @_OUI_NON:COND2_@
[TEXT]
[TEXT] Should be 0 : @_NUMBER_LINE_@
[TEXT] Should be 0 : @_TABLE_LEVEL_@
