
  here

[INFO] testme15.tmplt
[C_INFO]  1 FALSE
[TEXT] 
[IF] (@_TWO_@ > 0)
  [TEXT]   here
[END_IF]
