
   ok1

  ok cond2

[INFO] testme11.tmplt
[C_INFO]  1 FALSE
[TEXT] 
[IF] @_COND1_@
  [TEXT]    nok1
[ELSE]
  [IF] @_COND2_@
    [TEXT]    ok1
  [ELSE]
    [TEXT]    else part
  [END_IF]
[END_IF]
[TEXT] 
[IF] @_COND2_@
  [TEXT]   ok cond2
[ELSE]
  [TEXT]   nok cond2
[END_IF]
