
   first
( 2. lab1 )
   first
( 2. lab2 )
   first
( 2. lab3 )
   first
( 2. lab4 )

   first
(2. lab1)
   first
(2. lab2)
   first
(2. lab3)
   first
(2. lab4)

