
raised TEMPLATES_PARSER.TEMPLATE_ERROR : Can't have a positional parameter after a named one, in testme49.tmplt at line 1
